00000000-00000000 : Reserved
00000000-00000000 : System RAM
00000000-00000000 : Reserved
00000000-00000000 : PCI Bus 0000:00
00000000-00000000 : Video ROM
00000000-00000000 : Adapter ROM
00000000-00000000 : Reserved
  00000000-00000000 : System ROM
00000000-00000000 : System RAM
  00000000-00000000 : Kernel code
  00000000-00000000 : Kernel rodata
  00000000-00000000 : Kernel data
  00000000-00000000 : Kernel bss
00000000-00000000 : Reserved
00000000-00000000 : PCI Bus 0000:00
00000000-00000000 : PCI MMCONFIG 0000 [bus 00-ff]
  00000000-00000000 : Reserved
    00000000-00000000 : pnp 00:03
00000000-00000000 : PCI Bus 0000:00
  00000000-00000000 : 0000:00:02.0
  00000000-00000000 : 0000:00:02.0
  00000000-00000000 : 0000:00:01.0
  00000000-00000000 : 0000:00:02.0
  00000000-00000000 : 0000:00:01.0
    00000000-00000000 : 8139cp
  00000000-00000000 : 0000:00:04.0
    00000000-00000000 : ehci_hcd
  00000000-00000000 : 0000:00:08.0
  00000000-00000000 : 0000:00:1d.7
    00000000-00000000 : ehci_hcd
  00000000-00000000 : 0000:00:1f.2
    00000000-00000000 : ahci
  00000000-00000000 : 0000:00:08.0
    00000000-00000000 : virtio-pci-modern
  00000000-00000000 : 0000:00:09.0
    00000000-00000000 : virtio-pci-modern
00000000-00000000 : IOAPIC 0
00000000-00000000 : HPET 0
  00000000-00000000 : PNP0103:00
00000000-00000000 : Reserved
  00000000-00000000 : iTCO_wdt.1.auto
    00000000-00000000 : iTCO_wdt.1.auto iTCO_wdt.1.auto
00000000-00000000 : Local APIC
00000000-00000000 : Reserved
00000000-00000000 : PCI Bus 0000:00
00000000-00000000 : Reserved
